I'm sorry, but errors were detected in your script. Please correct the
errors listed below, and try again.


File "game/script.rpy", line 25: end of line expected.
    show Unknown Mad at right with s "YOU’RE LATE FOR SCHOOL!!!" with vpunch 
                                     ^

Ren'Py Version: Ren'Py 8.2.3.24061702
Mon Sep  2 20:31:04 2024
